../Drivers/CMSIS/Include/core_cm4.h:2064:26:ITM_SendChar	16	static,ignoring_inline_asm
../Core/Src/main.c:98:5:main	16	static
../Core/Src/main.c:193:6:SystemClock_Config	88	static
../Core/Src/main.c:239:13:MX_I2C1_Init	8	static
../Core/Src/main.c:273:13:MX_I2S3_Init	8	static
../Core/Src/main.c:307:13:MX_SPI1_Init	8	static
../Core/Src/main.c:345:13:MX_TIM1_Init	56	static
../Core/Src/main.c:395:13:MX_TIM3_Init	40	static
../Core/Src/main.c:441:13:MX_TIM9_Init	40	static
../Core/Src/main.c:487:13:MX_USART2_UART_Init	8	static
../Core/Src/main.c:520:13:MX_GPIO_Init	56	static
../Core/Src/main.c:624:6:Encoder_Init	8	static
../Core/Src/main.c:632:6:Motor_PWM_Init	8	static
../Core/Src/main.c:643:6:Motor_SetSpeedAndDirection	16	static
../Core/Src/main.c:659:9:Encoder_GetPosition	4	static
../Core/Src/main.c:665:6:Encoder_ResetPosition	4	static
../Core/Src/main.c:669:7:CalculateTravelDistance	32	static
../Core/Src/main.c:682:5:_write	32	static
../Core/Src/main.c:699:6:Error_Handler	4	static,ignoring_inline_asm
