../Drivers/CMSIS/Include/core_cm4.h:2064:26:ITM_SendChar	16	static,ignoring_inline_asm
../Core/Src/main.c:160:5:main	16	static
../Core/Src/main.c:316:6:SystemClock_Config	88	static
../Core/Src/main.c:362:13:MX_I2C1_Init	8	static
../Core/Src/main.c:396:13:MX_I2S3_Init	8	static
../Core/Src/main.c:430:13:MX_SPI1_Init	8	static
../Core/Src/main.c:468:13:MX_TIM1_Init	56	static
../Core/Src/main.c:518:13:MX_TIM3_Init	40	static
../Core/Src/main.c:564:13:MX_TIM9_Init	40	static
../Core/Src/main.c:610:13:MX_TIM10_Init	40	static
../Core/Src/main.c:656:13:MX_TIM12_Init	40	static
../Core/Src/main.c:702:13:MX_USART2_UART_Init	8	static
../Core/Src/main.c:735:13:MX_USART3_UART_Init	8	static
../Core/Src/main.c:768:13:MX_GPIO_Init	56	static
../Core/Src/main.c:862:6:Encoder_Init	8	static
../Core/Src/main.c:870:6:Motor_PWM_Init	8	static
../Core/Src/main.c:892:6:Motor1_SetSpeedAndDirection	16	static
../Core/Src/main.c:912:6:Motor2_SetSpeedAndDirection	16	static
../Core/Src/main.c:932:6:Motors_SetSynchronizedSpeedWithOffset	24	static
../Core/Src/main.c:951:6:Motors_SetMotor2Offset	16	static
../Core/Src/main.c:966:6:Motors_SetSynchronizedSpeed	16	static
../Core/Src/main.c:971:6:Motors_EmergencyStop	8	static
../Core/Src/main.c:977:6:Motors_PrintStatus	24	static
../Core/Src/main.c:987:6:Stepper_Init	8	static
../Core/Src/main.c:994:6:Stepper_SetDirection	16	static
../Core/Src/main.c:1000:6:Stepper_Start	16	static
../Core/Src/main.c:1009:6:Stepper_Update	8	static
../Core/Src/main.c:1028:9:Encoder_GetPosition	4	static
../Core/Src/main.c:1034:6:Encoder_ResetPosition	4	static
../Core/Src/main.c:1038:7:CalculateTravelDistance	32	static
../Core/Src/main.c:1051:5:_write	32	static
../Core/Src/main.c:1068:6:Error_Handler	4	static,ignoring_inline_asm
